{
  "title": "Golden Test Title",
  "author": "Tester",
  "created_at": "2025-01-01T00:00:00.000Z",
  "episodeNumber": 1,
  "episodeTitle": "Ep1",
  "pages": [
    {
      "page_number": 1,
      "panels": [
        {
          "id": 10,
          "position": { "x": 0.05, "y": 0.05 },
          "size": { "width": 0.4, "height": 0.4 },
          "content": "",
          "dialogues": [
            { "type": "speech", "speaker": "A", "text": "Hello world sample" },
            { "type": "narration", "speaker": "", "text": "Narration line" }
          ],
          "sfx": ["BOOM", "ZAP"],
          "sourceChunkIndex": 0,
          "importance": 5
        },
        {
          "id": 11,
            "position": { "x": 0.55, "y": 0.05 },
            "size": { "width": 0.4, "height": 0.4 },
            "content": "",
            "dialogues": [
              { "type": "speech", "speaker": "B", "text": "Reply message" }
            ],
            "sfx": [],
            "sourceChunkIndex": 1,
            "importance": 4
        }
      ]
    }
  ]
}
